// Jest Snapshot v1, https://goo.gl/fbAQLP

<<<<<<<< HEAD:src/tests/__snapshots__/components/pages/Login.snap.js
exports[`Login Component should render login page 1`] = `
========
exports[`Login Component should renders login page 1`] = `
>>>>>>>> origin/newTest:src/tests/pages/__snapshots__/Login.test.js.snap
<body>
  <div>
    <div
      class="container"
    >
      <div
        class="row"
      >
        <div
          class="col"
        >
          <nav
            class="sc-jrkPcm hELBzT navbar navbar-expand-lg navbar-light"
          >
            <a
              class="sc-kDnyCx ctmCGs mx-4"
              href="/"
            >
              Shop
            </a>
            <button
              aria-controls="basic-navbar-nav"
              aria-label="Toggle navigation"
              class="navbar-toggler collapsed"
              type="button"
            >
              <span
                class="navbar-toggler-icon"
              />
            </button>
            <div
              class="sc-ipMvLY dWioSl justify-content-end mx-2 navbar-collapse collapse"
              id="basic-navbar-nav"
            >
              <div
                class="ml-auto mx-2 navbar-nav"
              >
                <a
                  class="nav-link"
                  href="/registration"
                >
                  Registration
                </a>
                <a
                  class="nav-link"
                  href="/login"
                >
                  Login
                </a>
              </div>
            </div>
          </nav>
        </div>
      </div>
      <div
        class="row"
      >
        <div
          class="col"
        >
          <div
            class="row"
          >
            <div
              class="sc-iJfdHH dECjJl"
            >
              <div
                class="sc-gisvNi khLjsh col-md-6 col-12"
                data-testid="login col"
              >
                <h3
                  class="sc-ezGUZh HKjiX"
                >
                  Login
                </h3>
                <form
                  action="#"
                >
                  <div
                    class="sc-bYUneI chbYQP"
                  >
                    <label
                      class="sc-kMbQoj bqKgrV form-label"
                    >
                      Email address
                    </label>
                    <input
                      class="sc-ilpitK IVHGj form-control"
                      name="email"
                      placeholder="Email address"
                      type="email"
                      value=""
                    />
                  </div>
                  <div
                    class="sc-bYUneI chbYQP"
                  >
                    <label
                      class="sc-kMbQoj bqKgrV form-label"
                    >
                      Password
                    </label>
                    <input
                      class="sc-ilpitK IVHGj form-control"
                      name="password"
                      placeholder="Password"
                      type="password"
                      value=""
                    />
                  </div>
                  <button
                    class="mb-3 btn btn-primary"
                    data-testid="submit-button"
                    type="submit"
                  >
                    Login
                  </button>
                </form>
              </div>
            </div>
          </div>
        </div>
      </div>
    </div>
  </div>
</body>
`;
