// Jest Snapshot v1, https://goo.gl/fbAQLP

<<<<<<<< HEAD:src/tests/__snapshots__/components/pages/ProductPage.snap.js
exports[`ProductPage Component should render ProductPage page 1`] = `
========
exports[`ProductPage Component should renders ProductPage page 1`] = `
>>>>>>>> origin/newTest:src/tests/pages/__snapshots__/ProductPage.test.js.snap
<body>
  <div>
    <div
      class="container"
    >
      <nav
        class="sc-jrkPcm hELBzT navbar navbar-expand-lg navbar-light"
      >
        <a
          class="sc-kDnyCx ctmCGs mx-4"
          href="/"
        >
          Shop
        </a>
        <button
          aria-controls="basic-navbar-nav"
          aria-label="Toggle navigation"
          class="navbar-toggler collapsed"
          type="button"
        >
          <span
            class="navbar-toggler-icon"
          />
        </button>
        <div
          class="sc-ipMvLY dWioSl justify-content-end mx-2 navbar-collapse collapse"
          id="basic-navbar-nav"
        >
          <div
            class="ml-auto mx-2 navbar-nav"
          >
            <a
              class="nav-link"
              href="/registration"
            >
              Registration
            </a>
            <a
              class="nav-link"
              href="/login"
            >
              Login
            </a>
          </div>
        </div>
      </nav>
      <div
        class="mt-3 row"
        data-testid="product-page-body"
      >
        <div
          class="col-md-6 col-12"
        >
          <img
            alt="Fjallraven - Foldsack No. 1 Backpack, Fits 15 Laptops"
            class="sc-lltjXc bwDiYp col-left"
            src="https://fakestoreapi.com/img/81fPKd-2AYL._AC_SL1500_.jpg"
            style="max-width: 100%; height: auto;"
          />
        </div>
        <div
          class="col-right mt-3 col-md-6 col-12"
        >
          <div
            class="mb-3 row"
          >
            <h3>
              Fjallraven - Foldsack No. 1 Backpack, Fits 15 Laptops
            </h3>
          </div>
          <div
            class="align-items-center mb-3 row"
          >
            <div
              class="col-auto"
            >
              <div
                class="sc-hhWzdI ceIvgb"
              >
                <div
                  class="sc-bZCZoC fgPjyH"
                >
                  <span
                    class="sc-gXCJSa sc-cCIIiH jyhNbF gDBIgA"
                    data-testid="filled"
                  >
                    ★
                  </span>
                </div>
                <div
                  class="sc-bZCZoC fgPjyH"
                >
                  <span
                    class="sc-gXCJSa sc-cCIIiH jyhNbF gDBIgA"
                    data-testid="filled"
                  >
                    ★
                  </span>
                </div>
                <div
                  class="sc-bZCZoC fgPjyH"
                >
                  <span
                    class="sc-gXCJSa sc-cCIIiH jyhNbF gDBIgA"
                    data-testid="filled"
                  >
                    ★
                  </span>
                </div>
                <div
                  class="sc-bZCZoC fgPjyH"
                >
                  <span
                    class="sc-gXCJSa sc-cCIIiH jyhNbF gDBIgA"
                    data-testid="filled"
                  >
                    ★
                  </span>
                </div>
                <div
                  class="sc-bZCZoC fgPjyH"
                >
                  <span
                    class="sc-gXCJSa jyhNbF"
                    data-testid="empty"
                  >
                    ★
                  </span>
                </div>
                3.9
                 
                /5
              </div>
            </div>
            <div
              class="ml-auto my-auto col-auto"
            >
              Price:
               109.95 
              usd
            </div>
          </div>
          <div
            class="row"
          >
            <h5>
              Description:
            </h5>
          </div>
          <div
            class="mb-3 row"
          >
            Your perfect pack for everyday use and walks in the forest. Stash your laptop (up to 15 inches) in the padded sleeve, your everyday
          </div>
          <div
            class="mb-3 border-top row"
          >
            <div
              class="sc-bcPKhP dyGGkR"
            >
              <div
                class="comment-block mt-2"
                data-testid="comments-block"
              >
                <h5>
                  Customer Reviews :
                </h5>
                <div
                  class="vstack gap-3"
                >
                  <div
                    data-testid="comment"
                  >
                    <div
                      class="sc-hBpgZr iiqjsx card"
                    >
                      <div
                        class="sc-fEyylQ jaPLwZ card-header"
                      >
                        <div
                          class="sc-hhWzdI ceIvgb"
                        >
                          <div
                            class="sc-bZCZoC fgPjyH"
                          >
                            <span
                              class="sc-gXCJSa sc-cCIIiH jyhNbF gDBIgA"
                              data-testid="filled"
                            >
                              ★
                            </span>
                          </div>
                          <div
                            class="sc-bZCZoC fgPjyH"
                          >
                            <span
                              class="sc-gXCJSa sc-cCIIiH jyhNbF gDBIgA"
                              data-testid="filled"
                            >
                              ★
                            </span>
                          </div>
                          <div
                            class="sc-bZCZoC fgPjyH"
                          >
                            <span
                              class="sc-gXCJSa sc-cCIIiH jyhNbF gDBIgA"
                              data-testid="filled"
                            >
                              ★
                            </span>
                          </div>
                          <div
                            class="sc-bZCZoC fgPjyH"
                          >
                            <span
                              class="sc-gXCJSa sc-cCIIiH jyhNbF gDBIgA"
                              data-testid="filled"
                            >
                              ★
                            </span>
                          </div>
                          <div
                            class="sc-bZCZoC fgPjyH"
                          >
                            <span
                              class="sc-gXCJSa sc-cCIIiH jyhNbF gDBIgA"
                              data-testid="filled"
                            >
                              ★
                            </span>
                          </div>
                          5
                           
                          /5
                        </div>
                      </div>
                      <div
                        class="sc-fnOeiS gVDnCQ card-body"
                      >
                        <p
                          class="sc-bjEwCx dsxgdt card-text"
                        >
                          Lorem ipsum dolor sit amet, consectetur adipiscing elit, sed do eiusmod tempor incididunt ut labore et dolore magna aliqua. Ut enim ad minim veniam, quis nostrud exercitation ullamco laboris nisi ut aliquip ex ea commodo consequat. Duis aute irure dolor in reprehenderit in voluptate velit esse cillum dolore eu fugiat nulla pariatur. Excepteur sint occaecat cupidatat non proident, sunt in culpa qui officia deserunt mollit anim id est laborum.
                        </p>
                        <p
                          class="sc-idyqAC kjTTLI card-text"
                        >
                          author:
                          Test1
                           
                          <br />
                           review id:
                          1
                        </p>
                      </div>
                    </div>
                  </div>
                  <div
                    data-testid="comment"
                  >
                    <div
                      class="sc-hBpgZr iiqjsx card"
                    >
                      <div
                        class="sc-fEyylQ jaPLwZ card-header"
                      >
                        <div
                          class="sc-hhWzdI ceIvgb"
                        >
                          <div
                            class="sc-bZCZoC fgPjyH"
                          >
                            <span
                              class="sc-gXCJSa sc-cCIIiH jyhNbF gDBIgA"
                              data-testid="filled"
                            >
                              ★
                            </span>
                          </div>
                          <div
                            class="sc-bZCZoC fgPjyH"
                          >
                            <span
                              class="sc-gXCJSa sc-cCIIiH jyhNbF gDBIgA"
                              data-testid="filled"
                            >
                              ★
                            </span>
                          </div>
                          <div
                            class="sc-bZCZoC fgPjyH"
                          >
                            <span
                              class="sc-ciJnBw gxVxox"
                              data-testid="half-filled"
                            >
                              ★
                            </span>
                          </div>
                          <div
                            class="sc-bZCZoC fgPjyH"
                          >
                            <span
                              class="sc-gXCJSa jyhNbF"
                              data-testid="empty"
                            >
                              ★
                            </span>
                          </div>
                          <div
                            class="sc-bZCZoC fgPjyH"
                          >
                            <span
                              class="sc-gXCJSa jyhNbF"
                              data-testid="empty"
                            >
                              ★
                            </span>
                          </div>
                          2.5
                           
                          /5
                        </div>
                      </div>
                      <div
                        class="sc-fnOeiS gVDnCQ card-body"
                      >
                        <p
                          class="sc-bjEwCx dsxgdt card-text"
                        >
                          Lorem ipsum dolor sit amet, consectetur adipiscing elit, sed do eiusmod tempor incididunt ut labore et dolore magna aliqua. Ut enim ad minim veniam, quis nostrud exercitation ullamco laboris nisi ut aliquip ex ea commodo consequat. Duis aute irure dolor in reprehenderit in voluptate velit esse cillum dolore eu fugiat nulla pariatur. Excepteur sint occaecat cupidatat non proident, sunt in culpa qui officia deserunt mollit anim id est laborum.
                        </p>
                        <p
                          class="sc-idyqAC kjTTLI card-text"
                        >
                          author:
                          Test2
                           
                          <br />
                           review id:
                          2
                        </p>
                      </div>
                    </div>
                  </div>
                </div>
              </div>
            </div>
          </div>
          <div
            class="border-top pt-3 mb-3 row"
          >
            <div>
              Login please to make a review
            </div>
          </div>
        </div>
      </div>
    </div>
  </div>
</body>
`;
