// Jest Snapshot v1, https://goo.gl/fbAQLP

<<<<<<< HEAD
<<<<<<<< HEAD:src/tests/__snapshots__/components/ProductItem.snap.js
exports[`ProductItem Component should render product correctly 1`] = `
========
exports[`ProductItem Component should renders product correctly 1`] = `
>>>>>>>> origin/newTest:src/tests/components/__snapshots__/ProductItem.test.js.snap
=======
exports[`ProductItem Component should renders product correctly 1`] = `
>>>>>>> cdcb47e (1st refactor of tests description)
<body>
  <div>
    <div
      class="sc-jIJgYh tfwkR"
      data-testid="product-item"
    >
      <div
        class="sc-hhWzdI VNIBE card"
      >
        <div
          class="sc-cCIIiH gurDpM"
        >
          <a
            href="/products/1"
          >
            <img
              alt="Fjallraven - Foldsack No. 1 Backpack, Fits 15 Laptops"
              class="card-img"
              src="https://fakestoreapi.com/img/81fPKd-2AYL._AC_SL1500_.jpg"
            />
          </a>
        </div>
        <div
          class="sc-gXCJSa cNHUxC"
        >
          <div
            class="sc-jdkVqZ cuEqst card-title h5"
          >
            <a
              class="sc-bZCZoC iNHoWU"
              href="/products/1"
            >
              Fjallraven - Foldsack No. 1 Backpack, Fits 15 Laptops
            </a>
          </div>
          <div>
            <div
              class="sc-iJfdHH gamYzu"
            >
              <div
                class="sc-ilpitK kgOISp"
              >
                <span
                  class="sc-gisvNi sc-ezGUZh cA-DTjN ezGjSS"
                  data-testid="filled"
                >
                  ★
                </span>
              </div>
              <div
                class="sc-ilpitK kgOISp"
              >
                <span
                  class="sc-gisvNi sc-ezGUZh cA-DTjN ezGjSS"
                  data-testid="filled"
                >
                  ★
                </span>
              </div>
              <div
                class="sc-ilpitK kgOISp"
              >
                <span
                  class="sc-gisvNi sc-ezGUZh cA-DTjN ezGjSS"
                  data-testid="filled"
                >
                  ★
                </span>
              </div>
              <div
                class="sc-ilpitK kgOISp"
              >
                <span
                  class="sc-gisvNi sc-ezGUZh cA-DTjN ezGjSS"
                  data-testid="filled"
                >
                  ★
                </span>
              </div>
              <div
                class="sc-ilpitK kgOISp"
              >
                <span
                  class="sc-gisvNi cA-DTjN"
                  data-testid="empty"
                >
                  ★
                </span>
              </div>
              3.9
               
              /5
            </div>
            <h4>
              120
               orders
            </h4>
          </div>
        </div>
        <div
          class="card-footer"
        >
          <h5>
            Price: 
            109.95
            usd
          </h5>
          <a
            href="/products/1"
          >
            <button
              class="btn btn-primary"
              type="button"
            >
              Get details
            </button>
          </a>
        </div>
      </div>
    </div>
  </div>
</body>
`;
