// Jest Snapshot v1, https://goo.gl/fbAQLP

<<<<<<< HEAD
<<<<<<<< HEAD:src/tests/__snapshots__/components/RegistrationBody.snap.js
exports[`RegistrationBody Component should handle form submission and success modal 1`] = `
========
exports[`RegistrationBody Component should handles form submission and success modal 1`] = `
>>>>>>>> origin/newTest:src/tests/components/__snapshots__/RegistrationBody.test.js.snap
=======
exports[`RegistrationBody Component should handles form submission and success modal 1`] = `
>>>>>>> cdcb47e (1st refactor of tests description)
<body
  class=""
  style="padding-right: 1024px;"
>
  <div>
    <div
      class="row"
    >
      <div
        class="sc-bcPKhP jVRLJQ"
      >
        <div
          class="sc-grXZZQ fyIqj col-md-6 col-12"
        >
          <h3
            class="sc-dkjKgF hKyBdL"
          >
            Registration Form
          </h3>
          <form
            action="#"
          >
            <div
              class="sc-hLclGa eOwcXS"
            >
              <label
                class="sc-eDnVMP gwrerJ form-label"
              >
                Email address
              </label>
              <input
                class="sc-jSwlEQ gvQgFa form-control"
                name="email"
                placeholder="Email address"
                type="email"
                value=""
              />
            </div>
            <div
              class="sc-hLclGa eOwcXS"
            >
              <label
                class="sc-eDnVMP gwrerJ form-label"
              >
                First name
              </label>
              <input
                class="sc-jSwlEQ gvQgFa form-control"
                name="firstName"
                placeholder="First name"
                value=""
              />
            </div>
            <div
              class="sc-hLclGa eOwcXS"
            >
              <label
                class="sc-eDnVMP gwrerJ form-label"
              >
                Last name
              </label>
              <input
                class="sc-jSwlEQ gvQgFa form-control"
                name="lastName"
                placeholder="Last name"
                value=""
              />
            </div>
            <div
              class="sc-hLclGa eOwcXS"
            >
              <label
                class="sc-eDnVMP gwrerJ form-label"
              >
                Password
              </label>
              <input
                class="sc-jSwlEQ gvQgFa form-control"
                name="password"
                placeholder="Password"
                type="password"
                value=""
              />
            </div>
            <div
              class="sc-hLclGa eOwcXS"
            >
              <label
                class="sc-eDnVMP gwrerJ form-label"
              >
                Confirm Password:
              </label>
              <input
                class="sc-jSwlEQ gvQgFa form-control"
                name="confirmPassword"
                placeholder="Confirm Password"
                type="password"
                value=""
              />
            </div>
            <button
              class="btn btn-primary"
              type="submit"
            >
              Registration
            </button>
          </form>
        </div>
      </div>
    </div>
  </div>
</body>
`;
